[INFO] Scanning for projects...
[INFO] 
[INFO] --------------------------< com.loan:system >---------------------------
[INFO] Building Intelligent Loan Default Prediction System 0.0.1-SNAPSHOT
[INFO]   from pom.xml
[INFO] --------------------------------[ jar ]---------------------------------
[INFO] 
[INFO] --- clean:3.3.2:clean (default-clean) @ system ---
[INFO] Deleting C:\Users\RahilN\Desktop\Intelligent Loan Default Prediction System\backend\target
[INFO] 
[INFO] --- resources:3.3.1:resources (default-resources) @ system ---
[INFO] Copying 1 resource from src\main\resources to target\classes
[INFO] Copying 0 resource from src\main\resources to target\classes
[INFO] 
[INFO] --- compiler:3.11.0:compile (default-compile) @ system ---
[INFO] Changes detected - recompiling the module! :source
[INFO] Compiling 14 source files with javac [debug release 17] to target\classes
[INFO] -------------------------------------------------------------
[ERROR] COMPILATION ERROR : 
[INFO] -------------------------------------------------------------
[ERROR] /C:/Users/RahilN/Desktop/Intelligent Loan Default Prediction System/backend/src/main/java/com/loan/system/model/User.java:[14,1] illegal start of type
[ERROR] /C:/Users/RahilN/Desktop/Intelligent Loan Default Prediction System/backend/src/main/java/com/loan/system/model/User.java:[14,30] <identifier> expected
[ERROR] /C:/Users/RahilN/Desktop/Intelligent Loan Default Prediction System/backend/src/main/java/com/loan/system/model/User.java:[16,1] illegal start of type
[ERROR] /C:/Users/RahilN/Desktop/Intelligent Loan Default Prediction System/backend/src/main/java/com/loan/system/model/User.java:[16,28] <identifier> expected
[ERROR] /C:/Users/RahilN/Desktop/Intelligent Loan Default Prediction System/backend/src/main/java/com/loan/system/model/User.java:[17,1] illegal start of type
[ERROR] /C:/Users/RahilN/Desktop/Intelligent Loan Default Prediction System/backend/src/main/java/com/loan/system/model/User.java:[17,19] <identifier> expected
[ERROR] /C:/Users/RahilN/Desktop/Intelligent Loan Default Prediction System/backend/src/main/java/com/loan/system/model/User.java:[40,2] reached end of file while parsing
[INFO] 7 errors 
[INFO] -------------------------------------------------------------
[INFO] ------------------------------------------------------------------------
[INFO] BUILD FAILURE
[INFO] ------------------------------------------------------------------------
[INFO] Total time:  2.861 s
[INFO] Finished at: 2025-11-26T18:57:54+05:30
[INFO] ------------------------------------------------------------------------
[ERROR] Failed to execute goal org.apache.maven.plugins:maven-compiler-plugin:3.11.0:compile (default-compile) on project system: Compilation failure: Compilation failure: 
[ERROR] /C:/Users/RahilN/Desktop/Intelligent Loan Default Prediction System/backend/src/main/java/com/loan/system/model/User.java:[14,1] illegal start of type
[ERROR] /C:/Users/RahilN/Desktop/Intelligent Loan Default Prediction System/backend/src/main/java/com/loan/system/model/User.java:[14,30] <identifier> expected
[ERROR] /C:/Users/RahilN/Desktop/Intelligent Loan Default Prediction System/backend/src/main/java/com/loan/system/model/User.java:[16,1] illegal start of type
[ERROR] /C:/Users/RahilN/Desktop/Intelligent Loan Default Prediction System/backend/src/main/java/com/loan/system/model/User.java:[16,28] <identifier> expected
[ERROR] /C:/Users/RahilN/Desktop/Intelligent Loan Default Prediction System/backend/src/main/java/com/loan/system/model/User.java:[17,1] illegal start of type
[ERROR] /C:/Users/RahilN/Desktop/Intelligent Loan Default Prediction System/backend/src/main/java/com/loan/system/model/User.java:[17,19] <identifier> expected
[ERROR] /C:/Users/RahilN/Desktop/Intelligent Loan Default Prediction System/backend/src/main/java/com/loan/system/model/User.java:[40,2] reached end of file while parsing
[ERROR] -> [Help 1]
[ERROR] 
[ERROR] To see the full stack trace of the errors, re-run Maven with the -e switch.
[ERROR] Re-run Maven using the -X switch to enable full debug logging.
[ERROR] 
[ERROR] For more information about the errors and possible solutions, please read the following articles:
[ERROR] [Help 1] http://cwiki.apache.org/confluence/display/MAVEN/MojoFailureException
